INFO: Loading a matcher: CA
resource-query> get-status /tiny0/rack0/node0
/tiny0/rack0/node0 is up
resource-query> quit
