INFO: Loading a matcher: CA
resource-query> set-status /tiny0/rack0/node0 down
resource-query> get-status /tiny0/rack0/node0
/tiny0/rack0/node0 is down
resource-query> set-status /tiny0/rack0/node0 up
resource-query> get-status /tiny0/rack0/node0
/tiny0/rack0/node0 is up
resource-query> quit
