{"graph": {"nodes": [{"id": "0", "metadata": {"type": "cluster", "basename": "tiny", "name": "tiny0", "id": 0, "uniq_id": 0, "rank": -1, "exclusive": false, "unit": "", "size": 1, "paths": {"containment": "/tiny0"}}}, {"id": "1", "metadata": {"type": "rack", "basename": "rack", "name": "rack0", "id": 0, "uniq_id": 1, "rank": -1, "exclusive": false, "unit": "", "size": 1, "paths": {"containment": "/tiny0/rack0"}}}, {"id": "3", "metadata": {"type": "node", "basename": "node", "name": "node1", "id": 1, "uniq_id": 3, "rank": -1, "exclusive": false, "unit": "", "size": 1, "paths": {"containment": "/tiny0/rack0/node1"}}}, {"id": "6", "metadata": {"type": "socket", "basename": "socket", "name": "socket0", "id": 0, "uniq_id": 6, "rank": -1, "exclusive": false, "unit": "", "size": 1, "paths": {"containment": "/tiny0/rack0/node1/socket0"}}}, {"id": "7", "metadata": {"type": "socket", "basename": "socket", "name": "socket1", "id": 1, "uniq_id": 7, "rank": -1, "exclusive": false, "unit": "", "size": 1, "paths": {"containment": "/tiny0/rack0/node1/socket1"}}}, {"id": "44", "metadata": {"type": "core", "basename": "core", "name": "core0", "id": 0, "uniq_id": 44, "rank": -1, "exclusive": false, "unit": "", "size": 1, "paths": {"containment": "/tiny0/rack0/node1/socket0/core0"}}}, {"id": "45", "metadata": {"type": "core", "basename": "core", "name": "core1", "id": 1, "uniq_id": 45, "rank": -1, "exclusive": false, "unit": "", "size": 1, "paths": {"containment": "/tiny0/rack0/node1/socket0/core1"}}}, {"id": "46", "metadata": {"type": "core", "basename": "core", "name": "core2", "id": 2, "uniq_id": 46, "rank": -1, "exclusive": false, "unit": "", "size": 1, "paths": {"containment": "/tiny0/rack0/node1/socket0/core2"}}}, {"id": "47", "metadata": {"type": "core", "basename": "core", "name": "core3", "id": 3, "uniq_id": 47, "rank": -1, "exclusive": false, "unit": "", "size": 1, "paths": {"containment": "/tiny0/rack0/node1/socket0/core3"}}}, {"id": "48", "metadata": {"type": "core", "basename": "core", "name": "core4", "id": 4, "uniq_id": 48, "rank": -1, "exclusive": false, "unit": "", "size": 1, "paths": {"containment": "/tiny0/rack0/node1/socket0/core4"}}}, {"id": "49", "metadata": {"type": "core", "basename": "core", "name": "core5", "id": 5, "uniq_id": 49, "rank": -1, "exclusive": false, "unit": "", "size": 1, "paths": {"containment": "/tiny0/rack0/node1/socket0/core5"}}}, {"id": "50", "metadata": {"type": "core", "basename": "core", "name": "core6", "id": 6, "uniq_id": 50, "rank": -1, "exclusive": false, "unit": "", "size": 1, "paths": {"containment": "/tiny0/rack0/node1/socket0/core6"}}}, {"id": "51", "metadata": {"type": "core", "basename": "core", "name": "core7", "id": 7, "uniq_id": 51, "rank": -1, "exclusive": false, "unit": "", "size": 1, "paths": {"containment": "/tiny0/rack0/node1/socket0/core7"}}}, {"id": "52", "metadata": {"type": "core", "basename": "core", "name": "core8", "id": 8, "uniq_id": 52, "rank": -1, "exclusive": false, "unit": "", "size": 1, "paths": {"containment": "/tiny0/rack0/node1/socket0/core8"}}}, {"id": "53", "metadata": {"type": "core", "basename": "core", "name": "core9", "id": 9, "uniq_id": 53, "rank": -1, "exclusive": false, "unit": "", "size": 1, "paths": {"containment": "/tiny0/rack0/node1/socket0/core9"}}}, {"id": "54", "metadata": {"type": "core", "basename": "core", "name": "core10", "id": 10, "uniq_id": 54, "rank": -1, "exclusive": false, "unit": "", "size": 1, "paths": {"containment": "/tiny0/rack0/node1/socket0/core10"}}}, {"id": "55", "metadata": {"type": "core", "basename": "core", "name": "core11", "id": 11, "uniq_id": 55, "rank": -1, "exclusive": false, "unit": "", "size": 1, "paths": {"containment": "/tiny0/rack0/node1/socket0/core11"}}}, {"id": "56", "metadata": {"type": "core", "basename": "core", "name": "core12", "id": 12, "uniq_id": 56, "rank": -1, "exclusive": false, "unit": "", "size": 1, "paths": {"containment": "/tiny0/rack0/node1/socket0/core12"}}}, {"id": "57", "metadata": {"type": "core", "basename": "core", "name": "core13", "id": 13, "uniq_id": 57, "rank": -1, "exclusive": false, "unit": "", "size": 1, "paths": {"containment": "/tiny0/rack0/node1/socket0/core13"}}}, {"id": "58", "metadata": {"type": "core", "basename": "core", "name": "core14", "id": 14, "uniq_id": 58, "rank": -1, "exclusive": false, "unit": "", "size": 1, "paths": {"containment": "/tiny0/rack0/node1/socket0/core14"}}}, {"id": "59", "metadata": {"type": "core", "basename": "core", "name": "core15", "id": 15, "uniq_id": 59, "rank": -1, "exclusive": false, "unit": "", "size": 1, "paths": {"containment": "/tiny0/rack0/node1/socket0/core15"}}}, {"id": "60", "metadata": {"type": "core", "basename": "core", "name": "core16", "id": 16, "uniq_id": 60, "rank": -1, "exclusive": false, "unit": "", "size": 1, "paths": {"containment": "/tiny0/rack0/node1/socket0/core16"}}}, {"id": "61", "metadata": {"type": "core", "basename": "core", "name": "core17", "id": 17, "uniq_id": 61, "rank": -1, "exclusive": false, "unit": "", "size": 1, "paths": {"containment": "/tiny0/rack0/node1/socket0/core17"}}}, {"id": "62", "metadata": {"type": "core", "basename": "core", "name": "core18", "id": 18, "uniq_id": 62, "rank": -1, "exclusive": false, "unit": "", "size": 1, "paths": {"containment": "/tiny0/rack0/node1/socket1/core18"}}}, {"id": "63", "metadata": {"type": "core", "basename": "core", "name": "core19", "id": 19, "uniq_id": 63, "rank": -1, "exclusive": false, "unit": "", "size": 1, "paths": {"containment": "/tiny0/rack0/node1/socket1/core19"}}}, {"id": "64", "metadata": {"type": "core", "basename": "core", "name": "core20", "id": 20, "uniq_id": 64, "rank": -1, "exclusive": false, "unit": "", "size": 1, "paths": {"containment": "/tiny0/rack0/node1/socket1/core20"}}}, {"id": "65", "metadata": {"type": "core", "basename": "core", "name": "core21", "id": 21, "uniq_id": 65, "rank": -1, "exclusive": false, "unit": "", "size": 1, "paths": {"containment": "/tiny0/rack0/node1/socket1/core21"}}}, {"id": "66", "metadata": {"type": "core", "basename": "core", "name": "core22", "id": 22, "uniq_id": 66, "rank": -1, "exclusive": false, "unit": "", "size": 1, "paths": {"containment": "/tiny0/rack0/node1/socket1/core22"}}}, {"id": "67", "metadata": {"type": "core", "basename": "core", "name": "core23", "id": 23, "uniq_id": 67, "rank": -1, "exclusive": false, "unit": "", "size": 1, "paths": {"containment": "/tiny0/rack0/node1/socket1/core23"}}}, {"id": "68", "metadata": {"type": "core", "basename": "core", "name": "core24", "id": 24, "uniq_id": 68, "rank": -1, "exclusive": false, "unit": "", "size": 1, "paths": {"containment": "/tiny0/rack0/node1/socket1/core24"}}}, {"id": "69", "metadata": {"type": "core", "basename": "core", "name": "core25", "id": 25, "uniq_id": 69, "rank": -1, "exclusive": false, "unit": "", "size": 1, "paths": {"containment": "/tiny0/rack0/node1/socket1/core25"}}}, {"id": "70", "metadata": {"type": "core", "basename": "core", "name": "core26", "id": 26, "uniq_id": 70, "rank": -1, "exclusive": false, "unit": "", "size": 1, "paths": {"containment": "/tiny0/rack0/node1/socket1/core26"}}}, {"id": "71", "metadata": {"type": "core", "basename": "core", "name": "core27", "id": 27, "uniq_id": 71, "rank": -1, "exclusive": false, "unit": "", "size": 1, "paths": {"containment": "/tiny0/rack0/node1/socket1/core27"}}}, {"id": "72", "metadata": {"type": "core", "basename": "core", "name": "core28", "id": 28, "uniq_id": 72, "rank": -1, "exclusive": false, "unit": "", "size": 1, "paths": {"containment": "/tiny0/rack0/node1/socket1/core28"}}}, {"id": "73", "metadata": {"type": "core", "basename": "core", "name": "core29", "id": 29, "uniq_id": 73, "rank": -1, "exclusive": false, "unit": "", "size": 1, "paths": {"containment": "/tiny0/rack0/node1/socket1/core29"}}}, {"id": "74", "metadata": {"type": "core", "basename": "core", "name": "core30", "id": 30, "uniq_id": 74, "rank": -1, "exclusive": false, "unit": "", "size": 1, "paths": {"containment": "/tiny0/rack0/node1/socket1/core30"}}}, {"id": "75", "metadata": {"type": "core", "basename": "core", "name": "core31", "id": 31, "uniq_id": 75, "rank": -1, "exclusive": false, "unit": "", "size": 1, "paths": {"containment": "/tiny0/rack0/node1/socket1/core31"}}}, {"id": "76", "metadata": {"type": "core", "basename": "core", "name": "core32", "id": 32, "uniq_id": 76, "rank": -1, "exclusive": false, "unit": "", "size": 1, "paths": {"containment": "/tiny0/rack0/node1/socket1/core32"}}}, {"id": "77", "metadata": {"type": "core", "basename": "core", "name": "core33", "id": 33, "uniq_id": 77, "rank": -1, "exclusive": false, "unit": "", "size": 1, "paths": {"containment": "/tiny0/rack0/node1/socket1/core33"}}}, {"id": "78", "metadata": {"type": "core", "basename": "core", "name": "core34", "id": 34, "uniq_id": 78, "rank": -1, "exclusive": false, "unit": "", "size": 1, "paths": {"containment": "/tiny0/rack0/node1/socket1/core34"}}}, {"id": "79", "metadata": {"type": "core", "basename": "core", "name": "core35", "id": 35, "uniq_id": 79, "rank": -1, "exclusive": false, "unit": "", "size": 1, "paths": {"containment": "/tiny0/rack0/node1/socket1/core35"}}}, {"id": "82", "metadata": {"type": "gpu", "basename": "gpu", "name": "gpu0", "id": 0, "uniq_id": 82, "rank": -1, "exclusive": false, "unit": "", "size": 1, "paths": {"containment": "/tiny0/rack0/node1/socket0/gpu0"}}}, {"id": "83", "metadata": {"type": "gpu", "basename": "gpu", "name": "gpu1", "id": 1, "uniq_id": 83, "rank": -1, "exclusive": false, "unit": "", "size": 1, "paths": {"containment": "/tiny0/rack0/node1/socket1/gpu1"}}}, {"id": "92", "metadata": {"type": "memory", "basename": "memory", "name": "memory0", "id": 0, "uniq_id": 92, "rank": -1, "exclusive": false, "unit": "GB", "size": 2, "paths": {"containment": "/tiny0/rack0/node1/socket0/memory0"}}}, {"id": "93", "metadata": {"type": "memory", "basename": "memory", "name": "memory1", "id": 1, "uniq_id": 93, "rank": -1, "exclusive": false, "unit": "GB", "size": 2, "paths": {"containment": "/tiny0/rack0/node1/socket0/memory1"}}}, {"id": "94", "metadata": {"type": "memory", "basename": "memory", "name": "memory2", "id": 2, "uniq_id": 94, "rank": -1, "exclusive": false, "unit": "GB", "size": 2, "paths": {"containment": "/tiny0/rack0/node1/socket0/memory2"}}}, {"id": "95", "metadata": {"type": "memory", "basename": "memory", "name": "memory3", "id": 3, "uniq_id": 95, "rank": -1, "exclusive": false, "unit": "GB", "size": 2, "paths": {"containment": "/tiny0/rack0/node1/socket0/memory3"}}}, {"id": "96", "metadata": {"type": "memory", "basename": "memory", "name": "memory4", "id": 4, "uniq_id": 96, "rank": -1, "exclusive": false, "unit": "GB", "size": 2, "paths": {"containment": "/tiny0/rack0/node1/socket1/memory4"}}}, {"id": "97", "metadata": {"type": "memory", "basename": "memory", "name": "memory5", "id": 5, "uniq_id": 97, "rank": -1, "exclusive": false, "unit": "GB", "size": 2, "paths": {"containment": "/tiny0/rack0/node1/socket1/memory5"}}}, {"id": "98", "metadata": {"type": "memory", "basename": "memory", "name": "memory6", "id": 6, "uniq_id": 98, "rank": -1, "exclusive": false, "unit": "GB", "size": 2, "paths": {"containment": "/tiny0/rack0/node1/socket1/memory6"}}}, {"id": "99", "metadata": {"type": "memory", "basename": "memory", "name": "memory7", "id": 7, "uniq_id": 99, "rank": -1, "exclusive": false, "unit": "GB", "size": 2, "paths": {"containment": "/tiny0/rack0/node1/socket1/memory7"}}}], "edges": [{"source": "0", "target": "1", "metadata": {"name": {"containment": "contains"}}}, {"source": "1", "target": "0", "metadata": {"name": {"containment": "in"}}}, {"source": "1", "target": "3", "metadata": {"name": {"containment": "contains"}}}, {"source": "3", "target": "1", "metadata": {"name": {"containment": "in"}}}, {"source": "3", "target": "6", "metadata": {"name": {"containment": "contains"}}}, {"source": "3", "target": "7", "metadata": {"name": {"containment": "contains"}}}, {"source": "6", "target": "3", "metadata": {"name": {"containment": "in"}}}, {"source": "6", "target": "44", "metadata": {"name": {"containment": "contains"}}}, {"source": "6", "target": "45", "metadata": {"name": {"containment": "contains"}}}, {"source": "6", "target": "46", "metadata": {"name": {"containment": "contains"}}}, {"source": "6", "target": "47", "metadata": {"name": {"containment": "contains"}}}, {"source": "6", "target": "48", "metadata": {"name": {"containment": "contains"}}}, {"source": "6", "target": "49", "metadata": {"name": {"containment": "contains"}}}, {"source": "6", "target": "50", "metadata": {"name": {"containment": "contains"}}}, {"source": "6", "target": "51", "metadata": {"name": {"containment": "contains"}}}, {"source": "6", "target": "52", "metadata": {"name": {"containment": "contains"}}}, {"source": "6", "target": "53", "metadata": {"name": {"containment": "contains"}}}, {"source": "6", "target": "54", "metadata": {"name": {"containment": "contains"}}}, {"source": "6", "target": "55", "metadata": {"name": {"containment": "contains"}}}, {"source": "6", "target": "56", "metadata": {"name": {"containment": "contains"}}}, {"source": "6", "target": "57", "metadata": {"name": {"containment": "contains"}}}, {"source": "6", "target": "58", "metadata": {"name": {"containment": "contains"}}}, {"source": "6", "target": "59", "metadata": {"name": {"containment": "contains"}}}, {"source": "6", "target": "60", "metadata": {"name": {"containment": "contains"}}}, {"source": "6", "target": "61", "metadata": {"name": {"containment": "contains"}}}, {"source": "6", "target": "82", "metadata": {"name": {"containment": "contains"}}}, {"source": "6", "target": "92", "metadata": {"name": {"containment": "contains"}}}, {"source": "6", "target": "93", "metadata": {"name": {"containment": "contains"}}}, {"source": "6", "target": "94", "metadata": {"name": {"containment": "contains"}}}, {"source": "6", "target": "95", "metadata": {"name": {"containment": "contains"}}}, {"source": "7", "target": "3", "metadata": {"name": {"containment": "in"}}}, {"source": "7", "target": "62", "metadata": {"name": {"containment": "contains"}}}, {"source": "7", "target": "63", "metadata": {"name": {"containment": "contains"}}}, {"source": "7", "target": "64", "metadata": {"name": {"containment": "contains"}}}, {"source": "7", "target": "65", "metadata": {"name": {"containment": "contains"}}}, {"source": "7", "target": "66", "metadata": {"name": {"containment": "contains"}}}, {"source": "7", "target": "67", "metadata": {"name": {"containment": "contains"}}}, {"source": "7", "target": "68", "metadata": {"name": {"containment": "contains"}}}, {"source": "7", "target": "69", "metadata": {"name": {"containment": "contains"}}}, {"source": "7", "target": "70", "metadata": {"name": {"containment": "contains"}}}, {"source": "7", "target": "71", "metadata": {"name": {"containment": "contains"}}}, {"source": "7", "target": "72", "metadata": {"name": {"containment": "contains"}}}, {"source": "7", "target": "73", "metadata": {"name": {"containment": "contains"}}}, {"source": "7", "target": "74", "metadata": {"name": {"containment": "contains"}}}, {"source": "7", "target": "75", "metadata": {"name": {"containment": "contains"}}}, {"source": "7", "target": "76", "metadata": {"name": {"containment": "contains"}}}, {"source": "7", "target": "77", "metadata": {"name": {"containment": "contains"}}}, {"source": "7", "target": "78", "metadata": {"name": {"containment": "contains"}}}, {"source": "7", "target": "79", "metadata": {"name": {"containment": "contains"}}}, {"source": "7", "target": "83", "metadata": {"name": {"containment": "contains"}}}, {"source": "7", "target": "96", "metadata": {"name": {"containment": "contains"}}}, {"source": "7", "target": "97", "metadata": {"name": {"containment": "contains"}}}, {"source": "7", "target": "98", "metadata": {"name": {"containment": "contains"}}}, {"source": "7", "target": "99", "metadata": {"name": {"containment": "contains"}}}, {"source": "44", "target": "6", "metadata": {"name": {"containment": "in"}}}, {"source": "45", "target": "6", "metadata": {"name": {"containment": "in"}}}, {"source": "46", "target": "6", "metadata": {"name": {"containment": "in"}}}, {"source": "47", "target": "6", "metadata": {"name": {"containment": "in"}}}, {"source": "48", "target": "6", "metadata": {"name": {"containment": "in"}}}, {"source": "49", "target": "6", "metadata": {"name": {"containment": "in"}}}, {"source": "50", "target": "6", "metadata": {"name": {"containment": "in"}}}, {"source": "51", "target": "6", "metadata": {"name": {"containment": "in"}}}, {"source": "52", "target": "6", "metadata": {"name": {"containment": "in"}}}, {"source": "53", "target": "6", "metadata": {"name": {"containment": "in"}}}, {"source": "54", "target": "6", "metadata": {"name": {"containment": "in"}}}, {"source": "55", "target": "6", "metadata": {"name": {"containment": "in"}}}, {"source": "56", "target": "6", "metadata": {"name": {"containment": "in"}}}, {"source": "57", "target": "6", "metadata": {"name": {"containment": "in"}}}, {"source": "58", "target": "6", "metadata": {"name": {"containment": "in"}}}, {"source": "59", "target": "6", "metadata": {"name": {"containment": "in"}}}, {"source": "60", "target": "6", "metadata": {"name": {"containment": "in"}}}, {"source": "61", "target": "6", "metadata": {"name": {"containment": "in"}}}, {"source": "62", "target": "7", "metadata": {"name": {"containment": "in"}}}, {"source": "63", "target": "7", "metadata": {"name": {"containment": "in"}}}, {"source": "64", "target": "7", "metadata": {"name": {"containment": "in"}}}, {"source": "65", "target": "7", "metadata": {"name": {"containment": "in"}}}, {"source": "66", "target": "7", "metadata": {"name": {"containment": "in"}}}, {"source": "67", "target": "7", "metadata": {"name": {"containment": "in"}}}, {"source": "68", "target": "7", "metadata": {"name": {"containment": "in"}}}, {"source": "69", "target": "7", "metadata": {"name": {"containment": "in"}}}, {"source": "70", "target": "7", "metadata": {"name": {"containment": "in"}}}, {"source": "71", "target": "7", "metadata": {"name": {"containment": "in"}}}, {"source": "72", "target": "7", "metadata": {"name": {"containment": "in"}}}, {"source": "73", "target": "7", "metadata": {"name": {"containment": "in"}}}, {"source": "74", "target": "7", "metadata": {"name": {"containment": "in"}}}, {"source": "75", "target": "7", "metadata": {"name": {"containment": "in"}}}, {"source": "76", "target": "7", "metadata": {"name": {"containment": "in"}}}, {"source": "77", "target": "7", "metadata": {"name": {"containment": "in"}}}, {"source": "78", "target": "7", "metadata": {"name": {"containment": "in"}}}, {"source": "79", "target": "7", "metadata": {"name": {"containment": "in"}}}, {"source": "82", "target": "6", "metadata": {"name": {"containment": "in"}}}, {"source": "83", "target": "7", "metadata": {"name": {"containment": "in"}}}, {"source": "92", "target": "6", "metadata": {"name": {"containment": "in"}}}, {"source": "93", "target": "6", "metadata": {"name": {"containment": "in"}}}, {"source": "94", "target": "6", "metadata": {"name": {"containment": "in"}}}, {"source": "95", "target": "6", "metadata": {"name": {"containment": "in"}}}, {"source": "96", "target": "7", "metadata": {"name": {"containment": "in"}}}, {"source": "97", "target": "7", "metadata": {"name": {"containment": "in"}}}, {"source": "98", "target": "7", "metadata": {"name": {"containment": "in"}}}, {"source": "99", "target": "7", "metadata": {"name": {"containment": "in"}}}]}}
