INFO: =============================
INFO: No matching resources found
INFO: Unsatisfiable request
INFO: JOBID=1
INFO: =============================
INFO: =============================
INFO: No matching resources found
INFO: Unsatisfiable request
INFO: JOBID=2
INFO: =============================
